 easybmp

 Timestamp is 4986ba41 (Mon Feb 02 11:17:53 2009)

 Preferred load address is 10000000

 Start         Length     Name                   Class
 0001:00000000 00006878H .text                   CODE
 0001:00006880 000000b3H .text$x                 CODE
 0002:00000000 0000011cH .idata$5                DATA
 0002:0000011c 00000004H .CRT$XCA                DATA
 0002:00000120 00000004H .CRT$XCZ                DATA
 0002:00000124 00000004H .CRT$XIA                DATA
 0002:00000128 00000004H .CRT$XIAA               DATA
 0002:0000012c 00000004H .CRT$XIC                DATA
 0002:00000130 00000004H .CRT$XIZ                DATA
 0002:00000138 00001288H .rdata                  DATA
 0002:000013c0 00000014H .rdata$sxdata           DATA
 0002:000013d4 00000004H .rtc$IAA                DATA
 0002:000013d8 00000004H .rtc$IZZ                DATA
 0002:000013dc 00000004H .rtc$TAA                DATA
 0002:000013e0 00000004H .rtc$TZZ                DATA
 0002:000013e8 0000016cH .xdata$x                DATA
 0002:00001554 0000003cH .idata$2                DATA
 0002:00001590 00000014H .idata$3                DATA
 0002:000015a4 0000011cH .idata$4                DATA
 0002:000016c0 00000878H .idata$6                DATA
 0002:00001f40 000006eaH .edata                  DATA
 0003:00000000 00000020H .data                   DATA
 0003:00000020 00000354H .bss                    DATA

  Address         Publics by Value              Rva+Base       Lib:Object

 0000:00000000       __except_list              00000000     <absolute>
 0000:00000005       ___safe_se_handler_count   00000005     <absolute>
 0000:00009876       __fltused                  00009876     <absolute>
 0000:00009876       __ldused                   00009876     <absolute>
 0000:00000000       ___ImageBase               10000000     <linker-defined>
 0001:00000000       ?Square@@YANN@Z            10001000 f i EasyBMP.obj
 0001:00000010       ?IntSquare@@YAHH@Z         10001010 f i EasyBMP.obj
 0001:00000020       ?IsBigEndian@@YA_NXZ       10001020 f i EasyBMP.obj
 0001:00000040       ?FlipWORD@@YAGG@Z          10001040 f i EasyBMP.obj
 0001:00000060       ?FlipDWORD@@YAII@Z         10001060 f i EasyBMP.obj
 0001:000000a0       ??4RGBApixel@@QAEAAU0@ABU0@@Z 100010a0 f i EasyBMP.obj
 0001:000000c0       ??4BMFH@@QAEAAV0@ABV0@@Z   100010c0 f i EasyBMP.obj
 0001:000000f0       ??4BMIH@@QAEAAV0@ABV0@@Z   100010f0 f i EasyBMP.obj
 0001:00000120       ??4BMP@@QAEAAV0@ABV0@@Z    10001120 f i EasyBMP.obj
 0001:00000150       ?SetEasyBMPwarningsOff@@YAXXZ 10001150 f   EasyBMP.obj
 0001:00000160       ?SetEasyBMPwarningsOn@@YAXXZ 10001160 f   EasyBMP.obj
 0001:00000170       ?GetEasyBMPwarningState@@YA_NXZ 10001170 f   EasyBMP.obj
 0001:00000180       ?IntPow@@YAHHH@Z           10001180 f   EasyBMP.obj
 0001:000001c0       ??0BMFH@@QAE@XZ            100011c0 f   EasyBMP.obj
 0001:000001f0       ?SwitchEndianess@BMFH@@QAEXXZ 100011f0 f   EasyBMP.obj
 0001:00000270       ??0BMIH@@QAE@XZ            10001270 f   EasyBMP.obj
 0001:000002c0       ?SwitchEndianess@BMIH@@QAEXXZ 100012c0 f   EasyBMP.obj
 0001:000003c0       ?display@BMIH@@QAEXXZ      100013c0 f   EasyBMP.obj
 0001:000005d0       ?display@BMFH@@QAEXXZ      100015d0 f   EasyBMP.obj
 0001:000006d0       ?GetPixel@BMP@@QBE?AURGBApixel@@HH@Z 100016d0 f   EasyBMP.obj
 0001:00000840       ?SetPixel@BMP@@QAE_NHHURGBApixel@@@Z 10001840 f   EasyBMP.obj
 0001:00000870       ?SetColor@BMP@@QAE_NHURGBApixel@@@Z 10001870 f   EasyBMP.obj
 0001:000009f0       ?GetColor@BMP@@QAE?AURGBApixel@@H@Z 100019f0 f   EasyBMP.obj
 0001:00000bb0       ??0BMP@@QAE@XZ             10001bb0 f   EasyBMP.obj
 0001:00000c80       ??0BMP@@QAE@AAV0@@Z        10001c80 f   EasyBMP.obj
 0001:00000e50       ??1BMP@@QAE@XZ             10001e50 f   EasyBMP.obj
 0001:00000f10       ??RBMP@@QAEPAURGBApixel@@HH@Z 10001f10 f   EasyBMP.obj
 0001:00001030       ?TellBitDepth@BMP@@QAEHXZ  10002030 f   EasyBMP.obj
 0001:00001040       ?TellHeight@BMP@@QAEHXZ    10002040 f   EasyBMP.obj
 0001:00001060       ?TellWidth@BMP@@QAEHXZ     10002060 f   EasyBMP.obj
 0001:00001080       ?TellNumberOfColors@BMP@@QAEHXZ 10002080 f   EasyBMP.obj
 0001:000010c0       ?SetBitDepth@BMP@@QAE_NH@Z 100020c0 f   EasyBMP.obj
 0001:00001240       ?SetSize@BMP@@QAE_NHH@Z    10002240 f   EasyBMP.obj
 0001:00001460       ?WriteToFile@BMP@@QAE_NPBD@Z 10002460 f   EasyBMP.obj
 0001:00001ff0       ?ReadFromFile@BMP@@QAE_NPBD@Z 10002ff0 f   EasyBMP.obj
 0001:00003270       ?CreateStandardColorTable@BMP@@QAE_NXZ 10004270 f   EasyBMP.obj
 0001:00003900       ?SafeFread@@YA_NPADHHPAU_iobuf@@@Z 10004900 f   EasyBMP.obj
 0001:00003950       ?SetDPI@BMP@@QAEXHH@Z      10004950 f   EasyBMP.obj
 0001:00003990       ?TellVerticalDPI@BMP@@QAEHXZ 10004990 f   EasyBMP.obj
 0001:000039c0       ?TellHorizontalDPI@BMP@@QAEHXZ 100049c0 f   EasyBMP.obj
 0001:000039f0       ?GetBMFH@@YA?AVBMFH@@PBD@Z 100049f0 f   EasyBMP.obj
 0001:00003b50       ?GetBMIH@@YA?AVBMIH@@PBD@Z 10004b50 f   EasyBMP.obj
 0001:00003d40       ?DisplayBitmapInfo@@YAXPBD@Z 10004d40 f   EasyBMP.obj
 0001:00004140       ?GetBitmapColorDepth@@YAHPBD@Z 10005140 f   EasyBMP.obj
 0001:00004160       ?PixelToPixelCopy@@YAXAAVBMP@@HH0HH@Z 10005160 f   EasyBMP.obj
 0001:00004190       ?PixelToPixelCopyTransparent@@YAXAAVBMP@@HH0HHAAURGBApixel@@@Z 10005190 f   EasyBMP.obj
 0001:00004220       ?RangedPixelToPixelCopy@@YAXAAVBMP@@HHHH0HH@Z 10005220 f   EasyBMP.obj
 0001:00004350       ?RangedPixelToPixelCopyTransparent@@YAXAAVBMP@@HHHH0HHAAURGBApixel@@@Z 10005350 f   EasyBMP.obj
 0001:00004480       ?CreateGrayscaleColorTable@@YA_NAAVBMP@@@Z 10005480 f   EasyBMP.obj
 0001:00004590       ?Read32bitRow@BMP@@AAE_NPAEHH@Z 10005590 f   EasyBMP.obj
 0001:00004600       ?Read24bitRow@BMP@@AAE_NPAEHH@Z 10005600 f   EasyBMP.obj
 0001:00004670       ?Read8bitRow@BMP@@AAE_NPAEHH@Z 10005670 f   EasyBMP.obj
 0001:000046f0       ?Read4bitRow@BMP@@AAE_NPAEHH@Z 100056f0 f   EasyBMP.obj
 0001:000047d0       ?Read1bitRow@BMP@@AAE_NPAEHH@Z 100057d0 f   EasyBMP.obj
 0001:00004900       ?Write32bitRow@BMP@@AAE_NPAEHH@Z 10005900 f   EasyBMP.obj
 0001:00004970       ?Write24bitRow@BMP@@AAE_NPAEHH@Z 10005970 f   EasyBMP.obj
 0001:000049e0       ?Write8bitRow@BMP@@AAE_NPAEHH@Z 100059e0 f   EasyBMP.obj
 0001:00004a50       ?Write4bitRow@BMP@@AAE_NPAEHH@Z 10005a50 f   EasyBMP.obj
 0001:00004b20       ?Write1bitRow@BMP@@AAE_NPAEHH@Z 10005b20 f   EasyBMP.obj
 0001:00004c10       ?FindClosestColor@BMP@@AAEEAAURGBApixel@@@Z 10005c10 f   EasyBMP.obj
 0001:00004ce0       ?EasyBMPcheckDataSize@@YA_NXZ 10005ce0 f   EasyBMP.obj
 0001:00004e30       ?Rescale@@YA_NAAVBMP@@DH@Z 10005e30 f   EasyBMP.obj
 0001:00005a20       ??$?6U?$char_traits@D@std@@@std@@YAAAV?$basic_ostream@DU?$char_traits@D@std@@@0@AAV10@PBD@Z 10006a20 f i EasyBMP.obj
 0001:00005cf0       ??0sentry@?$basic_ostream@DU?$char_traits@D@std@@@std@@QAE@AAV12@@Z 10006cf0 f i EasyBMP.obj
 0001:00005db0       ??1sentry@?$basic_ostream@DU?$char_traits@D@std@@@std@@QAE@XZ 10006db0 f i EasyBMP.obj
 0001:00005e20       ??Bsentry@?$basic_ostream@DU?$char_traits@D@std@@@std@@QBE_NXZ 10006e20 f i EasyBMP.obj
 0001:00005e40       ??0_Sentry_base@?$basic_ostream@DU?$char_traits@D@std@@@std@@QAE@AAV12@@Z 10006e40 f i EasyBMP.obj
 0001:00005e90       ??1_Sentry_base@?$basic_ostream@DU?$char_traits@D@std@@@std@@QAE@XZ 10006e90 f i EasyBMP.obj
 0001:00005ed1       ??_U@YAPAXI@Z              10006ed1 f   msvcprt:newaop_s.obj
 0001:00005ee0       ??_V@YAXPAX@Z              10006ee0 f   MSVCRT:MSVCR80.dll
 0001:00005ef0       __ftol2_sse                10006ef0 f   MSVCRT:ftol2.obj
 0001:00005ef9       __ftol2_pentium4           10006ef9 f   MSVCRT:ftol2.obj
 0001:00005f0c       __ftol2_sse_excpt          10006f0c f   MSVCRT:ftol2.obj
 0001:00005f26       __ftol2                    10006f26 f   MSVCRT:ftol2.obj
 0001:00005f9c       _memcpy                    10006f9c f   MSVCRT:MSVCR80.dll
 0001:00005fa2       ___CxxFrameHandler3        10006fa2 f   MSVCRT:MSVCR80.dll
 0001:00005fa8       @__security_check_cookie@4 10006fa8 f   MSVCRT:secchk.obj
 0001:00006004       __CRT_INIT@12              10007004 f   MSVCRT:crtdll.obj
 0001:000062dd       __DllMainCRTStartup@12     100072dd f   MSVCRT:crtdll.obj
 0001:000062fe       ??2@YAPAXI@Z               100072fe f   MSVCRT:MSVCR80.dll
 0001:00006354       __get_sse2_info            10007354 f   MSVCRT:cpu_disp.obj
 0001:000063b4       ___sse2_available_init     100073b4 f   MSVCRT:cpu_disp.obj
 0001:000063c1       ___report_gsfailure        100073c1 f   MSVCRT:gs_report.obj
 0001:000064c5       ___clean_type_info_names   100074c5 f   MSVCRT:tncleanup.obj
 0001:000064d1       __onexit                   100074d1 f   MSVCRT:atonexit.obj
 0001:00006576       _atexit                    10007576 f   MSVCRT:atonexit.obj
 0001:00006588       __RTC_Initialize           10007588 f   MSVCRT:initsect.obj
 0001:000065ac       __RTC_Terminate            100075ac f   MSVCRT:initsect.obj
 0001:000065d0       __ValidateImageBase        100075d0 f   MSVCRT:pesect.obj
 0001:00006600       __FindPESection            10007600 f   MSVCRT:pesect.obj
 0001:00006650       __IsNonwritableInCurrentImage 10007650 f   MSVCRT:pesect.obj
 0001:0000670c       __initterm                 1000770c f   MSVCRT:MSVCR80.dll
 0001:00006712       __initterm_e               10007712 f   MSVCRT:MSVCR80.dll
 0001:00006718       __amsg_exit                10007718 f   MSVCRT:MSVCR80.dll
 0001:0000671e       ___CppXcptFilter           1000771e f   MSVCRT:MSVCR80.dll
 0001:00006724       _DllMain@12                10007724 f   MSVCRT:dllmain.obj
 0001:00006744       __SEH_prolog4              10007744 f   MSVCRT:sehprolg4.obj
 0001:00006789       __SEH_epilog4              10007789 f   MSVCRT:sehprolg4.obj
 0001:0000679d       __except_handler4          1000779d f   MSVCRT:chandler4gs.obj
 0001:000067c0       ___security_init_cookie    100077c0 f   MSVCRT:gs_support.obj
 0001:00006854       __crt_debugger_hook        10007854 f   MSVCRT:MSVCR80.dll
 0001:0000685a       ___clean_type_info_names_internal 1000785a f   MSVCRT:MSVCR80.dll
 0001:00006860       __unlock                   10007860 f   MSVCRT:MSVCR80.dll
 0001:00006866       ___dllonexit               10007866 f   MSVCRT:MSVCR80.dll
 0001:0000686c       __lock                     1000786c f   MSVCRT:MSVCR80.dll
 0001:00006872       __except_handler4_common   10007872 f   MSVCRT:MSVCR80.dll
 0002:00000000       __imp__Sleep@4             10008000     kernel32:KERNEL32.dll
 0002:00000004       __imp__InterlockedCompareExchange@12 10008004     kernel32:KERNEL32.dll
 0002:00000008       __imp__TerminateProcess@8  10008008     kernel32:KERNEL32.dll
 0002:0000000c       __imp__GetCurrentProcess@0 1000800c     kernel32:KERNEL32.dll
 0002:00000010       __imp__UnhandledExceptionFilter@4 10008010     kernel32:KERNEL32.dll
 0002:00000014       __imp__SetUnhandledExceptionFilter@4 10008014     kernel32:KERNEL32.dll
 0002:00000018       __imp__IsDebuggerPresent@0 10008018     kernel32:KERNEL32.dll
 0002:0000001c       __imp__DisableThreadLibraryCalls@4 1000801c     kernel32:KERNEL32.dll
 0002:00000020       __imp__QueryPerformanceCounter@4 10008020     kernel32:KERNEL32.dll
 0002:00000024       __imp__GetTickCount@0      10008024     kernel32:KERNEL32.dll
 0002:00000028       __imp__GetCurrentThreadId@0 10008028     kernel32:KERNEL32.dll
 0002:0000002c       __imp__GetCurrentProcessId@0 1000802c     kernel32:KERNEL32.dll
 0002:00000030       __imp__GetSystemTimeAsFileTime@4 10008030     kernel32:KERNEL32.dll
 0002:00000034       __imp__InterlockedExchange@8 10008034     kernel32:KERNEL32.dll
 0002:00000038       \177KERNEL32_NULL_THUNK_DATA 10008038     kernel32:KERNEL32.dll
 0002:0000003c       __imp_?width@ios_base@std@@QBEHXZ 1000803c     msvcprt:MSVCP80.dll
 0002:00000040       __imp_?length@?$char_traits@D@std@@SAIPBD@Z 10008040     msvcprt:MSVCP80.dll
 0002:00000044       __imp_?flush@?$basic_ostream@DU?$char_traits@D@std@@@std@@QAEAAV12@XZ 10008044     msvcprt:MSVCP80.dll
 0002:00000048       __imp_?tie@?$basic_ios@DU?$char_traits@D@std@@@std@@QBEPAV?$basic_ostream@DU?$char_traits@D@std@@@2@XZ 10008048     msvcprt:MSVCP80.dll
 0002:0000004c       __imp_?good@ios_base@std@@QBE_NXZ 1000804c     msvcprt:MSVCP80.dll
 0002:00000050       __imp_?flags@ios_base@std@@QBEHXZ 10008050     msvcprt:MSVCP80.dll
 0002:00000054       __imp_?uncaught_exception@std@@YA_NXZ 10008054     msvcprt:MSVCP80.dll
 0002:00000058       __imp_?_Lock@?$basic_streambuf@DU?$char_traits@D@std@@@std@@QAEXXZ 10008058     msvcprt:MSVCP80.dll
 0002:0000005c       __imp_?_Unlock@?$basic_streambuf@DU?$char_traits@D@std@@@std@@QAEXXZ 1000805c     msvcprt:MSVCP80.dll
 0002:00000060       __imp_?fill@?$basic_ios@DU?$char_traits@D@std@@@std@@QBEDXZ 10008060     msvcprt:MSVCP80.dll
 0002:00000064       __imp_?rdbuf@?$basic_ios@DU?$char_traits@D@std@@@std@@QBEPAV?$basic_streambuf@DU?$char_traits@D@std@@@2@XZ 10008064     msvcprt:MSVCP80.dll
 0002:00000068       __imp_?sputc@?$basic_streambuf@DU?$char_traits@D@std@@@std@@QAEHD@Z 10008068     msvcprt:MSVCP80.dll
 0002:0000006c       __imp_?eof@?$char_traits@D@std@@SAHXZ 1000806c     msvcprt:MSVCP80.dll
 0002:00000070       __imp_?eq_int_type@?$char_traits@D@std@@SA_NABH0@Z 10008070     msvcprt:MSVCP80.dll
 0002:00000074       __imp_?sputn@?$basic_streambuf@DU?$char_traits@D@std@@@std@@QAEHPBDH@Z 10008074     msvcprt:MSVCP80.dll
 0002:00000078       __imp_?width@ios_base@std@@QAEHH@Z 10008078     msvcprt:MSVCP80.dll
 0002:0000007c       __imp_?setstate@?$basic_ios@DU?$char_traits@D@std@@@std@@QAEXH_N@Z 1000807c     msvcprt:MSVCP80.dll
 0002:00000080       __imp_??6?$basic_ostream@DU?$char_traits@D@std@@@std@@QAEAAV01@G@Z 10008080     msvcprt:MSVCP80.dll
 0002:00000084       __imp_??6?$basic_ostream@DU?$char_traits@D@std@@@std@@QAEAAV01@I@Z 10008084     msvcprt:MSVCP80.dll
 0002:00000088       __imp_??6?$basic_ostream@DU?$char_traits@D@std@@@std@@QAEAAV01@P6AAAV01@AAV01@@Z@Z 10008088     msvcprt:MSVCP80.dll
 0002:0000008c       __imp_?endl@std@@YAAAV?$basic_ostream@DU?$char_traits@D@std@@@1@AAV21@@Z 1000808c     msvcprt:MSVCP80.dll
 0002:00000090       __imp_?cout@std@@3V?$basic_ostream@DU?$char_traits@D@std@@@1@A 10008090     msvcprt:MSVCP80.dll
 0002:00000094       __imp_??6?$basic_ostream@DU?$char_traits@D@std@@@std@@QAEAAV01@H@Z 10008094     msvcprt:MSVCP80.dll
 0002:00000098       __imp_?_Osfx@?$basic_ostream@DU?$char_traits@D@std@@@std@@QAEXXZ 10008098     msvcprt:MSVCP80.dll
 0002:0000009c       \177MSVCP80_NULL_THUNK_DATA 1000809c     msvcprt:MSVCP80.dll
 0002:000000a0       __imp__free                100080a0     MSVCRT:MSVCR80.dll
 0002:000000a4       __imp___encoded_null       100080a4     MSVCRT:MSVCR80.dll
 0002:000000a8       __imp___decode_pointer     100080a8     MSVCRT:MSVCR80.dll
 0002:000000ac       __imp___initterm           100080ac     MSVCRT:MSVCR80.dll
 0002:000000b0       __imp___initterm_e         100080b0     MSVCRT:MSVCR80.dll
 0002:000000b4       __imp___amsg_exit          100080b4     MSVCRT:MSVCR80.dll
 0002:000000b8       __imp___adjust_fdiv        100080b8     MSVCRT:MSVCR80.dll
 0002:000000bc       __imp____CppXcptFilter     100080bc     MSVCRT:MSVCR80.dll
 0002:000000c0       __imp___crt_debugger_hook  100080c0     MSVCRT:MSVCR80.dll
 0002:000000c4       __imp____clean_type_info_names_internal 100080c4     MSVCRT:MSVCR80.dll
 0002:000000c8       __imp___unlock             100080c8     MSVCRT:MSVCR80.dll
 0002:000000cc       __imp____dllonexit         100080cc     MSVCRT:MSVCR80.dll
 0002:000000d0       __imp___lock               100080d0     MSVCRT:MSVCR80.dll
 0002:000000d4       __imp___onexit             100080d4     MSVCRT:MSVCR80.dll
 0002:000000d8       __imp___except_handler4_common 100080d8     MSVCRT:MSVCR80.dll
 0002:000000dc       __imp___malloc_crt         100080dc     MSVCRT:MSVCR80.dll
 0002:000000e0       __imp___encode_pointer     100080e0     MSVCRT:MSVCR80.dll
 0002:000000e4       __imp_??2@YAPAXI@Z         100080e4     MSVCRT:MSVCR80.dll
 0002:000000e8       __imp____CxxFrameHandler3  100080e8     MSVCRT:MSVCR80.dll
 0002:000000ec       __imp__sprintf             100080ec     MSVCRT:MSVCR80.dll
 0002:000000f0       __imp__floor               100080f0     MSVCRT:MSVCR80.dll
 0002:000000f4       __imp__memcpy              100080f4     MSVCRT:MSVCR80.dll
 0002:000000f8       __imp__feof                100080f8     MSVCRT:MSVCR80.dll
 0002:000000fc       __imp__fread               100080fc     MSVCRT:MSVCR80.dll
 0002:00000100       __imp__fopen               10008100     MSVCRT:MSVCR80.dll
 0002:00000104       __imp__fclose              10008104     MSVCRT:MSVCR80.dll
 0002:00000108       __imp__ceil                10008108     MSVCRT:MSVCR80.dll
 0002:0000010c       __imp__fwrite              1000810c     MSVCRT:MSVCR80.dll
 0002:00000110       __imp_??_V@YAXPAX@Z        10008110     MSVCRT:MSVCR80.dll
 0002:00000114       __imp__toupper             10008114     MSVCRT:MSVCR80.dll
 0002:00000118       \177MSVCR80_NULL_THUNK_DATA 10008118     MSVCRT:MSVCR80.dll
 0002:0000011c       ___xc_a                    1000811c     MSVCRT:cinitexe.obj
 0002:00000120       ___xc_z                    10008120     MSVCRT:cinitexe.obj
 0002:00000124       ___xi_a                    10008124     MSVCRT:cinitexe.obj
 0002:00000130       ___xi_z                    10008130     MSVCRT:cinitexe.obj
 0002:00001318       __real@404b000000000000    10009318     EasyBMP.obj
 0002:00001320       __real@4028000000000000    10009320     EasyBMP.obj
 0002:00001328       __real@4010000000000000    10009328     EasyBMP.obj
 0002:00001330       __real@0000000000000000    10009330     EasyBMP.obj
 0002:00001338       __real@4020000000000000    10009338     EasyBMP.obj
 0002:00001340       __real@4043af5ebd7af5ec    10009340     EasyBMP.obj
 0002:00001348       __real@3ff0000000000000    10009348     EasyBMP.obj
 0002:00001350       __real@4059000000000000    10009350     EasyBMP.obj
 0002:00001358       ??_C@_0P@GHFPNOJB@bad?5allocation?$AA@ 10009358     msvcprt:newaop_s.obj
 0002:00001368       __pRawDllMain              10009368     MSVCRT:crtdll.obj
 0002:00001368       __pDefaultRawDllMain       10009368     MSVCRT:crtdll.obj
 0002:00001378       __load_config_used         10009378     MSVCRT:loadcfg.obj
 0002:000013c0       ___safe_se_handler_table   100093c0     <linker-defined>
 0002:000013d4       ___rtc_iaa                 100093d4     MSVCRT:initsect.obj
 0002:000013d8       ___rtc_izz                 100093d8     MSVCRT:initsect.obj
 0002:000013dc       ___rtc_taa                 100093dc     MSVCRT:initsect.obj
 0002:000013e0       ___rtc_tzz                 100093e0     MSVCRT:initsect.obj
 0002:00001554       __IMPORT_DESCRIPTOR_MSVCP80 10009554     msvcprt:MSVCP80.dll
 0002:00001568       __IMPORT_DESCRIPTOR_MSVCR80 10009568     MSVCRT:MSVCR80.dll
 0002:0000157c       __IMPORT_DESCRIPTOR_KERNEL32 1000957c     kernel32:KERNEL32.dll
 0002:00001590       __NULL_IMPORT_DESCRIPTOR   10009590     msvcprt:MSVCP80.dll
 0003:00000004       ?EasyBMPwarnings@@3_NA     1000b004     EasyBMP.obj
 0003:00000010       ___security_cookie         1000b010     MSVCRT:gs_cookie.obj
 0003:00000014       ___security_cookie_complement 1000b014     MSVCRT:gs_cookie.obj
 0003:00000018       ___native_dllmain_reason   1000b018     MSVCRT:natstart.obj
 0003:0000001c       ___native_vcclrit_reason   1000b01c     MSVCRT:natstart.obj
 0003:0000034c       __forceCRTManifest         1000b34c     MSVCRT:crtmanifest.obj
 0003:00000350       ?__type_info_root_node@@3U__type_info_node@@A 1000b350     MSVCRT:tncleanup.obj
 0003:00000358       __adjust_fdiv              1000b358     <common>
 0003:0000035c       ___native_startup_state    1000b35c     <common>
 0003:00000360       ___native_startup_lock     1000b360     <common>
 0003:00000364       ___onexitend               1000b364     <common>
 0003:00000368       ___onexitbegin             1000b368     <common>
 0003:0000036c       ___sse2_available          1000b36c     <common>
 0003:00000370       ___dyn_tls_init_callback   1000b370     <common>

 entry point at        0001:000062dd

 Static symbols

 0001:00005c83       __catch$??$?6U?$char_traits@D@std@@@std@@YAAAV?$basic_ostream@DU?$char_traits@D@std@@@0@AAV10@PBD@Z$0 10006c83 f i EasyBMP.obj
 0001:00005fb7       _pre_c_init                10006fb7 f   MSVCRT:crtdll.obj
 0001:000061c7       ___DllMainCRTStartup       100071c7 f   MSVCRT:crtdll.obj
 0001:00006304       _has_osfxsr_set            10007304 f   MSVCRT:cpu_disp.obj
 0001:00006880       __unwindfunclet$?Rescale@@YA_NAAVBMP@@DH@Z$0 10007880 f   EasyBMP.obj
 0001:00006888       __ehhandler$?Rescale@@YA_NAAVBMP@@DH@Z 10007888 f   EasyBMP.obj
 0001:000068b0       __unwindfunclet$??$?6U?$char_traits@D@std@@@std@@YAAAV?$basic_ostream@DU?$char_traits@D@std@@@0@AAV10@PBD@Z$2 100078b0 f   EasyBMP.obj
 0001:000068b8       __ehhandler$??$?6U?$char_traits@D@std@@@std@@YAAAV?$basic_ostream@DU?$char_traits@D@std@@@0@AAV10@PBD@Z 100078b8 f   EasyBMP.obj
 0001:000068e0       __unwindfunclet$??0sentry@?$basic_ostream@DU?$char_traits@D@std@@@std@@QAE@AAV12@@Z$0 100078e0 f   EasyBMP.obj
 0001:000068e8       __ehhandler$??0sentry@?$basic_ostream@DU?$char_traits@D@std@@@std@@QAE@AAV12@@Z 100078e8 f   EasyBMP.obj
 0001:00006910       __unwindfunclet$??1sentry@?$basic_ostream@DU?$char_traits@D@std@@@std@@QAE@XZ$0 10007910 f   EasyBMP.obj
 0001:00006918       __ehhandler$??1sentry@?$basic_ostream@DU?$char_traits@D@std@@@std@@QAE@XZ 10007918 f   EasyBMP.obj

 Exports

  ordinal    name

        1    ??0BMFH@@QAE@XZ (public: __thiscall BMFH::BMFH(void))
        2    ??0BMIH@@QAE@XZ (public: __thiscall BMIH::BMIH(void))
        3    ??0BMP@@QAE@AAV0@@Z (public: __thiscall BMP::BMP(class BMP &))
        4    ??0BMP@@QAE@XZ (public: __thiscall BMP::BMP(void))
        5    ??1BMP@@QAE@XZ (public: __thiscall BMP::~BMP(void))
        6    ??4BMFH@@QAEAAV0@ABV0@@Z (public: class BMFH & __thiscall BMFH::operator=(class BMFH const &))
        7    ??4BMIH@@QAEAAV0@ABV0@@Z (public: class BMIH & __thiscall BMIH::operator=(class BMIH const &))
        8    ??4BMP@@QAEAAV0@ABV0@@Z (public: class BMP & __thiscall BMP::operator=(class BMP const &))
        9    ??4RGBApixel@@QAEAAU0@ABU0@@Z (public: struct RGBApixel & __thiscall RGBApixel::operator=(struct RGBApixel const &))
       10    ??RBMP@@QAEPAURGBApixel@@HH@Z (public: struct RGBApixel * __thiscall BMP::operator()(int,int))
       11    ?CreateStandardColorTable@BMP@@QAE_NXZ (public: bool __thiscall BMP::CreateStandardColorTable(void))
       12    ?FindClosestColor@BMP@@AAEEAAURGBApixel@@@Z (private: unsigned char __thiscall BMP::FindClosestColor(struct RGBApixel &))
       13    ?FlipDWORD@@YAII@Z (unsigned int __cdecl FlipDWORD(unsigned int))
       14    ?FlipWORD@@YAGG@Z (unsigned short __cdecl FlipWORD(unsigned short))
       15    ?GetColor@BMP@@QAE?AURGBApixel@@H@Z (public: struct RGBApixel __thiscall BMP::GetColor(int))
       16    ?GetPixel@BMP@@QBE?AURGBApixel@@HH@Z (public: struct RGBApixel __thiscall BMP::GetPixel(int,int)const )
       17    ?IntSquare@@YAHH@Z (int __cdecl IntSquare(int))
       18    ?IsBigEndian@@YA_NXZ (bool __cdecl IsBigEndian(void))
       19    ?Read1bitRow@BMP@@AAE_NPAEHH@Z (private: bool __thiscall BMP::Read1bitRow(unsigned char *,int,int))
       20    ?Read24bitRow@BMP@@AAE_NPAEHH@Z (private: bool __thiscall BMP::Read24bitRow(unsigned char *,int,int))
       21    ?Read32bitRow@BMP@@AAE_NPAEHH@Z (private: bool __thiscall BMP::Read32bitRow(unsigned char *,int,int))
       22    ?Read4bitRow@BMP@@AAE_NPAEHH@Z (private: bool __thiscall BMP::Read4bitRow(unsigned char *,int,int))
       23    ?Read8bitRow@BMP@@AAE_NPAEHH@Z (private: bool __thiscall BMP::Read8bitRow(unsigned char *,int,int))
       24    ?ReadFromFile@BMP@@QAE_NPBD@Z (public: bool __thiscall BMP::ReadFromFile(char const *))
       25    ?SetBitDepth@BMP@@QAE_NH@Z (public: bool __thiscall BMP::SetBitDepth(int))
       26    ?SetColor@BMP@@QAE_NHURGBApixel@@@Z (public: bool __thiscall BMP::SetColor(int,struct RGBApixel))
       27    ?SetDPI@BMP@@QAEXHH@Z (public: void __thiscall BMP::SetDPI(int,int))
       28    ?SetPixel@BMP@@QAE_NHHURGBApixel@@@Z (public: bool __thiscall BMP::SetPixel(int,int,struct RGBApixel))
       29    ?SetSize@BMP@@QAE_NHH@Z (public: bool __thiscall BMP::SetSize(int,int))
       30    ?Square@@YANN@Z (double __cdecl Square(double))
       31    ?SwitchEndianess@BMFH@@QAEXXZ (public: void __thiscall BMFH::SwitchEndianess(void))
       32    ?SwitchEndianess@BMIH@@QAEXXZ (public: void __thiscall BMIH::SwitchEndianess(void))
       33    ?TellBitDepth@BMP@@QAEHXZ (public: int __thiscall BMP::TellBitDepth(void))
       34    ?TellHeight@BMP@@QAEHXZ (public: int __thiscall BMP::TellHeight(void))
       35    ?TellHorizontalDPI@BMP@@QAEHXZ (public: int __thiscall BMP::TellHorizontalDPI(void))
       36    ?TellNumberOfColors@BMP@@QAEHXZ (public: int __thiscall BMP::TellNumberOfColors(void))
       37    ?TellVerticalDPI@BMP@@QAEHXZ (public: int __thiscall BMP::TellVerticalDPI(void))
       38    ?TellWidth@BMP@@QAEHXZ (public: int __thiscall BMP::TellWidth(void))
       39    ?Write1bitRow@BMP@@AAE_NPAEHH@Z (private: bool __thiscall BMP::Write1bitRow(unsigned char *,int,int))
       40    ?Write24bitRow@BMP@@AAE_NPAEHH@Z (private: bool __thiscall BMP::Write24bitRow(unsigned char *,int,int))
       41    ?Write32bitRow@BMP@@AAE_NPAEHH@Z (private: bool __thiscall BMP::Write32bitRow(unsigned char *,int,int))
       42    ?Write4bitRow@BMP@@AAE_NPAEHH@Z (private: bool __thiscall BMP::Write4bitRow(unsigned char *,int,int))
       43    ?Write8bitRow@BMP@@AAE_NPAEHH@Z (private: bool __thiscall BMP::Write8bitRow(unsigned char *,int,int))
       44    ?WriteToFile@BMP@@QAE_NPBD@Z (public: bool __thiscall BMP::WriteToFile(char const *))
       45    ?display@BMFH@@QAEXXZ (public: void __thiscall BMFH::display(void))
       46    ?display@BMIH@@QAEXXZ (public: void __thiscall BMIH::display(void))
